###############################################################################
#
# IAR ELF Linker V2.20.1.176 for STM8                     25/May/2017  18:56:20
# Copyright 2010-2015 IAR Systems AB.
#
#    Output file  =  
#        D:\MyCloud\Working\Windowshade\WindowshadeSTM8\Debug\Exe\project.out
#    Map file     =  
#        D:\MyCloud\Working\Windowshade\WindowshadeSTM8\Debug\List\project.map
#    Command line =  
#        D:\MyCloud\Working\Windowshade\WindowshadeSTM8\Debug\Obj\ADF7030_1.o
#        D:\MyCloud\Working\Windowshade\WindowshadeSTM8\Debug\Obj\eeprom.o
#        D:\MyCloud\Working\Windowshade\WindowshadeSTM8\Debug\Obj\ID_Decode.o
#        D:\MyCloud\Working\Windowshade\WindowshadeSTM8\Debug\Obj\Initial.o
#        D:\MyCloud\Working\Windowshade\WindowshadeSTM8\Debug\Obj\lcd.o
#        D:\MyCloud\Working\Windowshade\WindowshadeSTM8\Debug\Obj\main.o
#        D:\MyCloud\Working\Windowshade\WindowshadeSTM8\Debug\Obj\ram.o
#        D:\MyCloud\Working\Windowshade\WindowshadeSTM8\Debug\Obj\spi.o
#        D:\MyCloud\Working\Windowshade\WindowshadeSTM8\Debug\Obj\stm8l15x_adc.o
#        D:\MyCloud\Working\Windowshade\WindowshadeSTM8\Debug\Obj\stm8l15x_aes.o
#        D:\MyCloud\Working\Windowshade\WindowshadeSTM8\Debug\Obj\stm8l15x_beep.o
#        D:\MyCloud\Working\Windowshade\WindowshadeSTM8\Debug\Obj\stm8l15x_clk.o
#        D:\MyCloud\Working\Windowshade\WindowshadeSTM8\Debug\Obj\stm8l15x_comp.o
#        D:\MyCloud\Working\Windowshade\WindowshadeSTM8\Debug\Obj\stm8l15x_dac.o
#        D:\MyCloud\Working\Windowshade\WindowshadeSTM8\Debug\Obj\stm8l15x_dma.o
#        D:\MyCloud\Working\Windowshade\WindowshadeSTM8\Debug\Obj\stm8l15x_exti.o
#        D:\MyCloud\Working\Windowshade\WindowshadeSTM8\Debug\Obj\stm8l15x_flash.o
#        D:\MyCloud\Working\Windowshade\WindowshadeSTM8\Debug\Obj\stm8l15x_gpio.o
#        D:\MyCloud\Working\Windowshade\WindowshadeSTM8\Debug\Obj\stm8l15x_i2c.o
#        D:\MyCloud\Working\Windowshade\WindowshadeSTM8\Debug\Obj\stm8l15x_irtim.o
#        D:\MyCloud\Working\Windowshade\WindowshadeSTM8\Debug\Obj\stm8l15x_it.o
#        D:\MyCloud\Working\Windowshade\WindowshadeSTM8\Debug\Obj\stm8l15x_itc.o
#        D:\MyCloud\Working\Windowshade\WindowshadeSTM8\Debug\Obj\stm8l15x_iwdg.o
#        D:\MyCloud\Working\Windowshade\WindowshadeSTM8\Debug\Obj\stm8l15x_lcd.o
#        D:\MyCloud\Working\Windowshade\WindowshadeSTM8\Debug\Obj\stm8l15x_pwr.o
#        D:\MyCloud\Working\Windowshade\WindowshadeSTM8\Debug\Obj\stm8l15x_rst.o
#        D:\MyCloud\Working\Windowshade\WindowshadeSTM8\Debug\Obj\stm8l15x_rtc.o
#        D:\MyCloud\Working\Windowshade\WindowshadeSTM8\Debug\Obj\stm8l15x_spi.o
#        D:\MyCloud\Working\Windowshade\WindowshadeSTM8\Debug\Obj\stm8l15x_syscfg.o
#        D:\MyCloud\Working\Windowshade\WindowshadeSTM8\Debug\Obj\stm8l15x_tim1.o
#        D:\MyCloud\Working\Windowshade\WindowshadeSTM8\Debug\Obj\stm8l15x_tim2.o
#        D:\MyCloud\Working\Windowshade\WindowshadeSTM8\Debug\Obj\stm8l15x_tim3.o
#        D:\MyCloud\Working\Windowshade\WindowshadeSTM8\Debug\Obj\stm8l15x_tim4.o
#        D:\MyCloud\Working\Windowshade\WindowshadeSTM8\Debug\Obj\stm8l15x_tim5.o
#        D:\MyCloud\Working\Windowshade\WindowshadeSTM8\Debug\Obj\stm8l15x_usart.o
#        D:\MyCloud\Working\Windowshade\WindowshadeSTM8\Debug\Obj\stm8l15x_wfe.o
#        D:\MyCloud\Working\Windowshade\WindowshadeSTM8\Debug\Obj\stm8l15x_wwdg.o
#        D:\MyCloud\Working\Windowshade\WindowshadeSTM8\Debug\Obj\Timer.o
#        D:\MyCloud\Working\Windowshade\WindowshadeSTM8\Debug\Obj\uart.o
#        --redirect _Printf=_PrintfFullNoMb --redirect _Scanf=_ScanfFullNoMb -o
#        D:\MyCloud\Working\Windowshade\WindowshadeSTM8\Debug\Exe\project.out
#        --map
#        D:\MyCloud\Working\Windowshade\WindowshadeSTM8\Debug\List\project.map
#        --config "C:\Program Files (x86)\IAR Systems\Embedded Workbench
#        7.3\stm8\config\lnkstm8l151g4.icf" --config_def _CSTACK_SIZE=0x100
#        --config_def _HEAP_SIZE=0x100 --entry __iar_program_start --debug_lib
#
###############################################################################

*******************************************************************************
*** RUNTIME MODEL ATTRIBUTES
***

__SystemLibrary            = DLib
__code_model               = medium_or_large
__core                     = stm8
__data_model               = medium
__dlib_file_descriptor     = 0
__dlib_full_locale_support = 0
__rt_version               = 4


*******************************************************************************
*** PLACEMENT SUMMARY
***

"A1":  place at start of [0x000000-0x0000ff] { rw section .vregs };
"A2":  place at end of [0x000000-0x0007ff] { block CSTACK };
"P2":  place in [from 0x000000 to 0x0007ff] {
          block HEAP, rw section __DLIB_PERTHREAD, rw section .far.bss,
          rw section .far.data, rw section .far.noinit,
          rw section .far_func.textrw, rw section .huge.bss,
          rw section .huge.data, rw section .huge.noinit,
          rw section .huge_func.textrw, rw section .iar.dynexit,
          rw section .near.bss, rw section .near.data, rw section .near.noinit,
          rw section .near_func.textrw };
"A3":  place at start of [0x008000-0x00bfff] { block INTVEC };
"P3":  place in [from 0x008000 to 0x00bfff] {
          ro section __DLIB_PERTHREAD_init, ro section .far.data_init,
          ro section .far_func.textrw_init, ro section .huge.data_init,
          ro section .huge_func.textrw_init, ro section .iar.init_table,
          ro section .init_array, ro section .near.data_init,
          ro section .near.rodata, ro section .near_func.text,
          ro section .near_func.textrw_init, ro section .tiny.data_init,
          ro section .tiny.rodata_init };
"P4":  place in [from 0x008000 to 0x00bfff] {
          ro section .far.rodata, ro section .far_func.text };

  Section            Kind      Address    Size  Object
  -------            ----      -------    ----  ------
"A1":                                     0x10
  .vregs             uninit   0x000000    0x10  vregs.o [4]
                            - 0x000010    0x10

"P2", part 1 of 4:                       0x400
  .near.bss          zero     0x000010   0x400  ram.o [1]
                            - 0x000410   0x400

"P2", part 2 of 4:                        0x80
  .near.bss          zero     0x000410    0x80  rand.o [4]
                            - 0x000490    0x80

"P2", part 3 of 4:                        0xbe
  .near.bss          zero     0x000490    0x40  ram.o [1]
  .near.bss          zero     0x0004d0    0x28  ADF7030_1.o [1]
  .near.bss          zero     0x0004f8    0x18  ADF7030_1.o [1]
  .near.bss          zero     0x000510     0x4  ADF7030_1.o [1]
  .near.bss          zero     0x000514     0x4  ADF7030_1.o [1]
  .near.bss          zero     0x000518     0x4  ADF7030_1.o [1]
  .near.bss          zero     0x00051c     0x4  ram.o [1]
  .near.bss          zero     0x000520     0x4  rand.o [4]
  .near.bss          zero     0x000524     0x3  rand.o [4]
  .near.bss          zero     0x000527     0x3  rand.o [4]
  .near.bss          zero     0x00052a     0x3  rand.o [4]
  .near.bss          zero     0x00052d     0x3  rand.o [4]
  .near.bss          zero     0x000530     0x2  ADF7030_1.o [1]
  .near.bss          zero     0x000532     0x2  Initial.o [1]
  .near.bss          zero     0x000534     0x2  Initial.o [1]
  .near.bss          zero     0x000536     0x2  main.o [1]
  .near.bss          zero     0x000538     0x2  ram.o [1]
  .near.bss          zero     0x00053a     0x1  ADF7030_1.o [1]
  .near.bss          zero     0x00053b     0x1  ADF7030_1.o [1]
  .near.bss          zero     0x00053c     0x1  ADF7030_1.o [1]
  .near.bss          zero     0x00053d     0x1  ADF7030_1.o [1]
  .near.bss          zero     0x00053e     0x1  ADF7030_1.o [1]
  .near.bss          zero     0x00053f     0x1  ADF7030_1.o [1]
  .near.bss          zero     0x000540     0x1  ADF7030_1.o [1]
  .near.bss          zero     0x000541     0x1  ADF7030_1.o [1]
  .near.bss          zero     0x000542     0x1  ADF7030_1.o [1]
  .near.bss          zero     0x000543     0x1  ADF7030_1.o [1]
  .near.bss          zero     0x000544     0x1  ID_Decode.o [1]
  .near.bss          zero     0x000545     0x1  ID_Decode.o [1]
  .near.bss          zero     0x000546     0x1  ID_Decode.o [1]
  .near.bss          zero     0x000547     0x1  ID_Decode.o [1]
  .near.bss          zero     0x000548     0x1  Initial.o [1]
  .near.bss          zero     0x000549     0x1  Initial.o [1]
  .near.bss          zero     0x00054a     0x1  Initial.o [1]
  .near.bss          zero     0x00054b     0x1  main.o [1]
  .near.bss          zero     0x00054c     0x1  ram.o [1]
  .near.bss          zero     0x00054d     0x1  rand.o [4]
                            - 0x00054e    0xbe

"P2", part 4 of 4:                       0x195
  P2-1                        0x00054e   0x195  <Init block>
    .near.data       inited   0x00054e     0x2  ADF7030_1.o [1]
    .near.data       inited   0x000550   0x12c  ADF7030_1.o [1]
    .near.data       inited   0x00067c     0x1  Initial.o [1]
    .near.data       inited   0x00067d     0x1  ram.o [1]
    .near.data       inited   0x00067e     0x1  ram.o [1]
    .near.data       inited   0x00067f     0xc  ram.o [1]
    .near.data       inited   0x00068b     0x4  ram.o [1]
    .near.data       inited   0x00068f    0x48  ram.o [1]
    .near.data       inited   0x0006d7     0x2  Timer.o [1]
    .near.data       inited   0x0006d9     0x2  Timer.o [1]
    .near.data       inited   0x0006db     0x2  Timer.o [1]
    .near.data       inited   0x0006dd     0x2  Timer.o [1]
    .near.data       inited   0x0006df     0x4  rand.o [4]
                            - 0x0006e3   0x195

"A2":                                    0x100
  CSTACK                      0x000700   0x100  <Block>
    CSTACK           uninit   0x000700   0x100  <Block tail>
                            - 0x000800   0x100

Absolute sections, part 1 of 14:          0x14
  .near.noinit       uninit   0x005000     0x1  Initial.o [1]
  .near.noinit       uninit   0x005001     0x1  Initial.o [1]
  .near.noinit       uninit   0x005002     0x1  Initial.o [1]
  .near.noinit       uninit   0x005003     0x1  Initial.o [1]
  .near.noinit       uninit   0x005004     0x1  Initial.o [1]
  .near.noinit       uninit   0x005005     0x1  spi.o [1]
  .near.noinit       uninit   0x005006     0x1  main.o [1]
  .near.noinit       uninit   0x005007     0x1  spi.o [1]
  .near.noinit       uninit   0x005008     0x1  spi.o [1]
  .near.noinit       uninit   0x005009     0x1  spi.o [1]
  .near.noinit       uninit   0x00500a     0x1  main.o [1]
  .near.noinit       uninit   0x00500b     0x1  ID_Decode.o [1]
  .near.noinit       uninit   0x00500c     0x1  Initial.o [1]
  .near.noinit       uninit   0x00500d     0x1  Initial.o [1]
  .near.noinit       uninit   0x00500e     0x1  Initial.o [1]
  .near.noinit       uninit   0x00500f     0x1  lcd.o [1]
  .near.noinit       uninit   0x005010     0x1  Initial.o [1]
  .near.noinit       uninit   0x005011     0x1  Initial.o [1]
  .near.noinit       uninit   0x005012     0x1  Initial.o [1]
  .near.noinit       uninit   0x005013     0x1  Initial.o [1]
                            - 0x005014    0x14

Absolute sections, part 2 of 14:           0x2
  .near.noinit       uninit   0x005050     0x1  eeprom.o [1]
  .near.noinit       uninit   0x005051     0x1  eeprom.o [1]
                            - 0x005052     0x2

Absolute sections, part 3 of 14:           0x1
  .near.noinit       uninit   0x005054     0x1  eeprom.o [1]
                            - 0x005055     0x1

Absolute sections, part 4 of 14:           0x1
  .near.noinit       uninit   0x0050a1     0x1  Initial.o [1]
                            - 0x0050a2     0x1

Absolute sections, part 5 of 14:           0x1
  .near.noinit       uninit   0x0050a3     0x1  ID_Decode.o [1]
                            - 0x0050a4     0x1

Absolute sections, part 6 of 14:           0x1
  .near.noinit       uninit   0x0050c0     0x1  Initial.o [1]
                            - 0x0050c1     0x1

Absolute sections, part 7 of 14:           0x3
  .near.noinit       uninit   0x0050c2     0x1  Initial.o [1]
  .near.noinit       uninit   0x0050c3     0x1  spi.o [1]
  .near.noinit       uninit   0x0050c4     0x1  Initial.o [1]
                            - 0x0050c5     0x3

Absolute sections, part 8 of 14:           0x2
  .near.noinit       uninit   0x0050c8     0x1  Initial.o [1]
  .near.noinit       uninit   0x0050c9     0x1  Initial.o [1]
                            - 0x0050ca     0x2

Absolute sections, part 9 of 14:           0x2
  .near.noinit       uninit   0x0050e0     0x1  Initial.o [1]
  .near.noinit       uninit   0x0050e1     0x1  Initial.o [1]
                            - 0x0050e2     0x2

Absolute sections, part 10 of 14:          0x5
  .near.noinit       uninit   0x005200     0x1  spi.o [1]
  .near.noinit       uninit   0x005201     0x1  spi.o [1]
  .near.noinit       uninit   0x005202     0x1  spi.o [1]
  .near.noinit       uninit   0x005203     0x1  spi.o [1]
  .near.noinit       uninit   0x005204     0x1  spi.o [1]
                            - 0x005205     0x5

Absolute sections, part 11 of 14:          0x8
  .near.noinit       uninit   0x005231     0x1  uart.o [1]
  .near.noinit       uninit   0x005232     0x1  uart.o [1]
  .near.noinit       uninit   0x005233     0x1  uart.o [1]
  .near.noinit       uninit   0x005234     0x1  uart.o [1]
  .near.noinit       uninit   0x005235     0x1  uart.o [1]
  .near.noinit       uninit   0x005236     0x1  uart.o [1]
  .near.noinit       uninit   0x005237     0x1  uart.o [1]
  .near.noinit       uninit   0x005238     0x1  uart.o [1]
                            - 0x005239     0x8

Absolute sections, part 12 of 14:          0x1
  .near.noinit       uninit   0x0052e0     0x1  Timer.o [1]
                            - 0x0052e1     0x1

Absolute sections, part 13 of 14:          0x2
  .near.noinit       uninit   0x0052e4     0x1  Timer.o [1]
  .near.noinit       uninit   0x0052e5     0x1  Timer.o [1]
                            - 0x0052e6     0x2

Absolute sections, part 14 of 14:          0x2
  .near.noinit       uninit   0x0052e8     0x1  Timer.o [1]
  .near.noinit       uninit   0x0052e9     0x1  Timer.o [1]
                            - 0x0052ea     0x2

"A3":                                     0x80
  INTVEC                      0x008000    0x80  <Block>
    .intvec          const    0x008000    0x80  interrupt.o [4]
                            - 0x008080    0x80

"P3":                                    0xd4b
  .near.rodata       const    0x008080   0x2cc  ram.o [1]
  .near.rodata       const    0x00834c   0x2a0  lcd.o [1]
  .near.rodata       const    0x0085ec   0x1ef  lcd.o [1]
  Initializer bytes  const    0x0087db   0x195  <for P2-1>
  .near.rodata       const    0x008970   0x168  lcd.o [1]
  .near.rodata       const    0x008ad8   0x120  lcd.o [1]
  .near.rodata       const    0x008bf8   0x118  lcd.o [1]
  .near.rodata       const    0x008d10    0x40  ram.o [1]
  .near.rodata       const    0x008d50    0x2c  lcd.o [1]
  .iar.init_table    const    0x008d7c    0x1c  - Linker created -
  .near.rodata       const    0x008d98     0x8  ADF7030_1.o [1]
  .near.rodata       const    0x008da0     0x8  ADF7030_1.o [1]
  .near.rodata       const    0x008da8     0x6  lcd.o [1]
  .near.rodata       const    0x008dae     0x6  lcd.o [1]
  .near.rodata       const    0x008db4     0x6  lcd.o [1]
  .near.rodata       const    0x008dba     0x5  ADF7030_1.o [1]
  .near.rodata       const    0x008dbf     0x5  ram.o [1]
  .near.rodata       const    0x008dc4     0x4  Initial.o [1]
  .near.rodata       const    0x008dc8     0x3  eeprom.o [1]
                            - 0x008dcb   0xd4b

"P4":                                   0x2d68
  .far_func.text     ro code  0x008dcb   0x7ea  lcd.o [1]
  .far_func.text     ro code  0x0095b5   0x603  ADF7030_1.o [1]
  .far_func.text     ro code  0x009bb8   0x501  ADF7030_1.o [1]
  .far_func.text     ro code  0x00a0b9   0x315  ADF7030_1.o [1]
  .far_func.text     ro code  0x00a3ce   0x266  eeprom.o [1]
  .far_func.text     ro code  0x00a634   0x1d9  ID_Decode.o [1]
  .far_func.text     ro code  0x00a80d   0x19f  long.o [4]
  .far_func.text     ro code  0x00a9ac   0x137  Initial.o [1]
  .far_func.text     ro code  0x00aae3   0x12e  vreg_util.o [4]
  .far_func.text     ro code  0x00ac11   0x122  Initial.o [1]
  .far_func.text     ro code  0x00ad33   0x121  Initial.o [1]
  .far_func.text     ro code  0x00ae54   0x120  main.o [1]
  .far_func.text     ro code  0x00af74   0x10f  ADF7030_1.o [1]
  .far_func.text     ro code  0x00b083    0xc4  rand.o [4]
  .far_func.text     ro code  0x00b147    0x9f  ADF7030_1.o [1]
  .far_func.text     ro code  0x00b1e6    0x95  lcd.o [1]
  .far_func.text     ro code  0x00b27b    0x90  Initial.o [1]
  .far_func.text     ro code  0x00b30b    0x8c  long_util.o [4]
  .far_func.text     ro code  0x00b397    0x81  ID_Decode.o [1]
  .far_func.text     ro code  0x00b418    0x81  spi.o [1]
  .far_func.text     ro code  0x00b499    0x7e  ADF7030_1.o [1]
  .far_func.text     ro code  0x00b517    0x75  spi.o [1]
  .far_func.text     ro code  0x00b58c    0x58  ADF7030_1.o [1]
  .far_func.text     ro code  0x00b5e4    0x55  ADF7030_1.o [1]
  .far_func.text     ro code  0x00b639    0x51  Timer.o [1]
  .far_func.text     ro code  0x00b68a    0x4d  ADF7030_1.o [1]
  .far_func.text     ro code  0x00b6d7    0x49  lcd.o [1]
  .far_func.text     ro code  0x00b720    0x40  srand.o [4]
  .far_func.text     ro code  0x00b760    0x3a  lcd.o [1]
  .far_func.text     ro code  0x00b79a    0x3a  lcd.o [1]
  .far_func.text     ro code  0x00b7d4    0x38  ADF7030_1.o [1]
  .far_func.text     ro code  0x00b80c    0x34  ADF7030_1.o [1]
  .far_func.text     ro code  0x00b840    0x2e  Initial.o [1]
  .far_func.text     ro code  0x00b86e    0x2e  short.o [4]
  .far_func.text     ro code  0x00b89c    0x2c  dc_util.o [4]
  .far_func.text     ro code  0x00b8c8    0x28  init_small.o [4]
  .far_func.text     ro code  0x00b8f0    0x26  rand.o [4]
  .far_func.text     ro code  0x00b916    0x1e  init.o [4]
  .far_func.text     ro code  0x00b934    0x1e  init_small.o [4]
  .far_func.text     ro code  0x00b952    0x1d  uart.o [1]
  .far_func.text     ro code  0x00b96f    0x1c  far_util.o [4]
  .far_func.text     ro code  0x00b98b    0x1b  lcd.o [1]
  .far_func.text     ro code  0x00b9a6    0x1b  spi.o [1]
  .far_func.text     ro code  0x00b9c1    0x1b  stm8l15x_it.o [1]
  .far_func.text     ro code  0x00b9dc    0x1b  stm8l15x_it.o [1]
  .far_func.text     ro code  0x00b9f7    0x1b  stm8l15x_it.o [1]
  .far_func.text     ro code  0x00ba12    0x18  time.o [4]
  .far_func.text     ro code  0x00ba2a    0x17  cstartup.o [4]
  .far_func.text     ro code  0x00ba41    0x16  __dbg_xxexit.o [3]
  .far_func.text     ro code  0x00ba57    0x14  Initial.o [1]
  .far_func.text     ro code  0x00ba6b    0x11  eeprom.o [1]
  .far_func.text     ro code  0x00ba7c    0x11  Initial.o [1]
  .far_func.text     ro code  0x00ba8d    0x11  Timer.o [1]
  .far_func.text     ro code  0x00ba9e     0xd  move.o [4]
  .far_func.text     ro code  0x00baab     0xc  srand.o [4]
  .far_func.text     ro code  0x00bab7     0xb  rand.o [4]
  .far_func.text     ro code  0x00bac2     0xa  rand.o [4]
  .far_func.text     ro code  0x00bacc     0xa  far.o [4]
  .far_func.text     ro code  0x00bad6     0x9  ram.o [1]
  .far_func.text     ro code  0x00badf     0x8  rand.o [4]
  .far_func.text     ro code  0x00bae7     0x6  spi.o [1]
  .far_func.text     ro code  0x00baed     0x6  char.o [4]
  .far_func.text     ro code  0x00baf3     0x6  cexit.o [4]
  .far_func.text     ro code  0x00baf9     0x5  eeprom.o [1]
  .far_func.text     ro code  0x00bafe     0x5  Initial.o [1]
  .far_func.text     ro code  0x00bb03     0x4  uart.o [1]
  .far_func.text     ro code  0x00bb07     0x4  interrupt.o [4]
  .far_func.text     ro code  0x00bb0b     0x4  exit.o [4]
  .far_func.text     ro code  0x00bb0f     0x3  low_level_init.o [4]
  .far_func.text     ro code  0x00bb12     0x3  unhandled_exception.o [4]
  .far_func.text     ro code  0x00bb15     0x1  ID_Decode.o [1]
  .far_func.text     ro code  0x00bb16     0x1  Initial.o [1]
  .far_func.text     ro code  0x00bb17     0x1  stm8l15x_it.o [1]
  .far_func.text     ro code  0x00bb18     0x1  stm8l15x_it.o [1]
  .far_func.text     ro code  0x00bb19     0x1  stm8l15x_it.o [1]
  .far_func.text     ro code  0x00bb1a     0x1  stm8l15x_it.o [1]
  .far_func.text     ro code  0x00bb1b     0x1  stm8l15x_it.o [1]
  .far_func.text     ro code  0x00bb1c     0x1  stm8l15x_it.o [1]
  .far_func.text     ro code  0x00bb1d     0x1  stm8l15x_it.o [1]
  .far_func.text     ro code  0x00bb1e     0x1  stm8l15x_it.o [1]
  .far_func.text     ro code  0x00bb1f     0x1  stm8l15x_it.o [1]
  .far_func.text     ro code  0x00bb20     0x1  stm8l15x_it.o [1]
  .far_func.text     ro code  0x00bb21     0x1  stm8l15x_it.o [1]
  .far_func.text     ro code  0x00bb22     0x1  stm8l15x_it.o [1]
  .far_func.text     ro code  0x00bb23     0x1  stm8l15x_it.o [1]
  .far_func.text     ro code  0x00bb24     0x1  stm8l15x_it.o [1]
  .far_func.text     ro code  0x00bb25     0x1  stm8l15x_it.o [1]
  .far_func.text     ro code  0x00bb26     0x1  stm8l15x_it.o [1]
  .far_func.text     ro code  0x00bb27     0x1  stm8l15x_it.o [1]
  .far_func.text     ro code  0x00bb28     0x1  stm8l15x_it.o [1]
  .far_func.text     ro code  0x00bb29     0x1  stm8l15x_it.o [1]
  .far_func.text     ro code  0x00bb2a     0x1  stm8l15x_it.o [1]
  .far_func.text     ro code  0x00bb2b     0x1  stm8l15x_it.o [1]
  .far_func.text     ro code  0x00bb2c     0x1  stm8l15x_it.o [1]
  .far_func.text     ro code  0x00bb2d     0x1  stm8l15x_it.o [1]
  .far_func.text     ro code  0x00bb2e     0x1  stm8l15x_it.o [1]
  .far_func.text     ro code  0x00bb2f     0x1  stm8l15x_it.o [1]
  .far_func.text     ro code  0x00bb30     0x1  stm8l15x_it.o [1]
  .far_func.text     ro code  0x00bb31     0x1  stm8l15x_it.o [1]
  .far_func.text     ro code  0x00bb32     0x1  __dbg_break.o [3]
                            - 0x00bb33  0x2d68


*******************************************************************************
*** INIT TABLE
***

          Address   Size
          -------   ----
Zero (__iar_zero_init2)
    3 destination ranges, total size 0x53e:
          0x000010  0x400
          0x000410   0x80
          0x000490   0xbe

Copy (__iar_copy_init2)
    1 source range, total size 0x195:
          0x0087db  0x195
    1 destination range, total size 0x195:
          0x00054e  0x195



*******************************************************************************
*** MODULE SUMMARY
***

    Module                 ro code  ro data  rw data  rw data
                                                       (abs)
    ------                 -------  -------  -------  -------
D:\MyCloud\Working\Windowshade\WindowshadeSTM8\Debug\Obj: [1]
    ADF7030_1.o              4 523      323      390
    ID_Decode.o                603                 4        2
    Initial.o                1 123        5        8       20
    Timer.o                     98        8        8        5
    eeprom.o                   636        3                 3
    lcd.o                    2 391    2 157                 1
    main.o                     288                 3        2
    ram.o                        9      875    1 185
    spi.o                      279                         10
    stm8l15x_it.o              108
    uart.o                      33                          8
    ---------------------------------------------------------
    Total:                  10 091    3 371    1 598       51

command line: [2]
    ---------------------------------------------------------
    Total:

dbgstm8mmd.a: [3]
    __dbg_break.o                1
    __dbg_xxexit.o              22
    ---------------------------------------------------------
    Total:                      23

dlstm8mmn.a: [4]
    cexit.o                      6
    char.o                       6
    cstartup.o                  23
    dc_util.o                   44
    exit.o                       4
    far.o                       10
    far_util.o                  28
    init.o                      30
    init_small.o                70
    interrupt.o                  4      128
    long.o                     415
    long_util.o                140
    low_level_init.o             3
    move.o                      13
    rand.o                     263        4      149
    short.o                     46
    srand.o                     76
    time.o                      24
    unhandled_exception.o        3
    vreg_util.o                302
    vregs.o                                       16
    ---------------------------------------------------------
    Total:                   1 510      132      165

    Linker created                       28      256
-------------------------------------------------------------
    Grand Total:            11 624    3 531    2 019       51


*******************************************************************************
*** ENTRY LIST
***

Entry                    Address   Size  Type      Object
-----                    -------   ----  ----      ------
.iar.init_table$$Base   0x008d7c          --   Gb  - Linker created -
.iar.init_table$$Limit  0x008d98          --   Gb  - Linker created -
?add32_l0_l0_0x         0x00a810         Code  Gb  long.o [4]
?add32_l0_l0_l1         0x00a80d         Code  Gb  long.o [4]
?and32_l0_l0_0x         0x00a934         Code  Gb  long.o [4]
?and32_l0_l0_l1         0x00a931         Code  Gb  long.o [4]
?b0                     0x000000         Data  Gb  vregs.o [4]
?b1                     0x000001         Data  Gb  vregs.o [4]
?b10                    0x00000a         Data  Gb  vregs.o [4]
?b11                    0x00000b         Data  Gb  vregs.o [4]
?b12                    0x00000c         Data  Gb  vregs.o [4]
?b13                    0x00000d         Data  Gb  vregs.o [4]
?b14                    0x00000e         Data  Gb  vregs.o [4]
?b15                    0x00000f         Data  Gb  vregs.o [4]
?b2                     0x000002         Data  Gb  vregs.o [4]
?b3                     0x000003         Data  Gb  vregs.o [4]
?b4                     0x000004         Data  Gb  vregs.o [4]
?b5                     0x000005         Data  Gb  vregs.o [4]
?b6                     0x000006         Data  Gb  vregs.o [4]
?b7                     0x000007         Data  Gb  vregs.o [4]
?b8                     0x000008         Data  Gb  vregs.o [4]
?b9                     0x000009         Data  Gb  vregs.o [4]
?dc32_l1                0x00b89c         Code  Gb  dc_util.o [4]
?e0                     0x000001         Data  Gb  vregs.o [4]
?e1                     0x000005         Data  Gb  vregs.o [4]
?e2                     0x000009         Data  Gb  vregs.o [4]
?e3                     0x00000d         Data  Gb  vregs.o [4]
?epilogue_l2            0x00ab8f         Code  Gb  vreg_util.o [4]
?epilogue_l2_l3         0x00ab8b         Code  Gb  vreg_util.o [4]
?epilogue_l2_w6         0x00ab94         Code  Gb  vreg_util.o [4]
?epilogue_w4            0x00ab9d         Code  Gb  vreg_util.o [4]
?l0                     0x000000         Data  Gb  vregs.o [4]
?l1                     0x000004         Data  Gb  vregs.o [4]
?l2                     0x000008         Data  Gb  vregs.o [4]
?l3                     0x00000c         Data  Gb  vregs.o [4]
?load24_e0_0x           0x00b96f         Code  Gb  far_util.o [4]
?load24_e1_0x           0x00b97d         Code  Gb  far_util.o [4]
?load32_0x_l0           0x00b36d         Code  Gb  long_util.o [4]
?load32_0x_l1           0x00b37b         Code  Gb  long_util.o [4]
?load32_0x_l2           0x00b389         Code  Gb  long_util.o [4]
?load32_l0_0x           0x00b325         Code  Gb  long_util.o [4]
?load32_l0_asp          0x00b319         Code  Gb  long_util.o [4]
?load32_l0_dbsp         0x00b30b         Code  Gb  long_util.o [4]
?load32_l0_xsp          0x00b31b         Code  Gb  long_util.o [4]
?load32_l1_0x           0x00b34b         Code  Gb  long_util.o [4]
?load32_l1_asp          0x00b33f         Code  Gb  long_util.o [4]
?load32_l1_dbsp         0x00b331         Code  Gb  long_util.o [4]
?load32_l1_xsp          0x00b341         Code  Gb  long_util.o [4]
?load32_l2_0x           0x00b357         Code  Gb  long_util.o [4]
?load32_xsp_l0          0x00b363         Code  Gb  long_util.o [4]
?mov_e0_e1              0x00abac         Code  Gb  vreg_util.o [4]
?mov_e0_e2              0x00abb9         Code  Gb  vreg_util.o [4]
?mov_e0_e3              0x00abc6         Code  Gb  vreg_util.o [4]
?mov_e1_e0              0x00abd3         Code  Gb  vreg_util.o [4]
?mov_e1_e2              0x00abe0         Code  Gb  vreg_util.o [4]
?mov_e1_e3              0x00abed         Code  Gb  vreg_util.o [4]
?mov_e2_e0              0x00abfa         Code  Gb  vreg_util.o [4]
?mov_e3_e0              0x00ac07         Code  Gb  vreg_util.o [4]
?mov_l0_l1              0x00aba9         Code  Gb  vreg_util.o [4]
?mov_l0_l2              0x00abb6         Code  Gb  vreg_util.o [4]
?mov_l0_l3              0x00abc3         Code  Gb  vreg_util.o [4]
?mov_l1_l0              0x00abd0         Code  Gb  vreg_util.o [4]
?mov_l1_l2              0x00abdd         Code  Gb  vreg_util.o [4]
?mov_l1_l3              0x00abea         Code  Gb  vreg_util.o [4]
?mov_l2_l0              0x00abf7         Code  Gb  vreg_util.o [4]
?mov_l3_l0              0x00ac04         Code  Gb  vreg_util.o [4]
?mov_w1_w3              0x00abaf         Code  Gb  vreg_util.o [4]
?mov_w1_w5              0x00abbc         Code  Gb  vreg_util.o [4]
?mov_w1_w7              0x00abc9         Code  Gb  vreg_util.o [4]
?mov_w3_w1              0x00abd6         Code  Gb  vreg_util.o [4]
?mov_w3_w5              0x00abe3         Code  Gb  vreg_util.o [4]
?mov_w3_w7              0x00abf0         Code  Gb  vreg_util.o [4]
?mov_w4_w0              0x00aba2         Code  Gb  vreg_util.o [4]
?mov_w5_w1              0x00abfd         Code  Gb  vreg_util.o [4]
?mov_w7_w1              0x00ac0a         Code  Gb  vreg_util.o [4]
?move1616_v_x_y_a       0x00ba9e         Code  Gb  move.o [4]
?mul16_x_x_w0           0x00b86e         Code  Gb  short.o [4]
?mul32_l0_l0_0x         0x00a828         Code  Gb  long.o [4]
?mul32_l0_l0_l1         0x00a831         Code  Gb  long.o [4]
?or32_l0_l0_0x          0x00a94f         Code  Gb  long.o [4]
?or32_l0_l0_l1          0x00a94c         Code  Gb  long.o [4]
?pop_l0                 0x00ab53         Code  Gb  vreg_util.o [4]
?pop_l1                 0x00ab5e         Code  Gb  vreg_util.o [4]
?pop_l2                 0x00ab69         Code  Gb  vreg_util.o [4]
?pop_l3                 0x00ab74         Code  Gb  vreg_util.o [4]
?pop_w4                 0x00ab04         Code  Gb  vreg_util.o [4]
?pop_w6                 0x00ab0b         Code  Gb  vreg_util.o [4]
?push_l0                0x00ab1e         Code  Gb  vreg_util.o [4]
?push_l1                0x00ab23         Code  Gb  vreg_util.o [4]
?push_l2                0x00ab28         Code  Gb  vreg_util.o [4]
?push_l3                0x00ab2d         Code  Gb  vreg_util.o [4]
?push_w4                0x00aae3         Code  Gb  vreg_util.o [4]
?push_w6                0x00aae8         Code  Gb  vreg_util.o [4]
?sext32_l0_x            0x00a9a1         Code  Gb  long.o [4]
?sll16_x_x_a            0x00b88c         Code  Gb  short.o [4]
?sll32_0x_0x_a          0x00a982         Code  Gb  long.o [4]
?sll32_l0_l0_a          0x00a97f         Code  Gb  long.o [4]
?srl16_x_x_a            0x00b894         Code  Gb  short.o [4]
?srl32_0x_0x_a          0x00a993         Code  Gb  long.o [4]
?srl32_l0_l0_a          0x00a990         Code  Gb  long.o [4]
?srl8_a_a_5             0x00baee         Code  Gb  char.o [4]
?srl8_a_a_6             0x00baed         Code  Gb  char.o [4]
?ucmp24_c_0x_e0         0x00bacc         Code  Gb  far.o [4]
?ucmp32_c_l0_l1         0x00a926         Code  Gb  long.o [4]
?udiv32_l0_l0_dl        0x00a8b5         Code  Gb  long.o [4]
?udiv32_l0_l0_l1        0x00a8b9         Code  Gb  long.o [4]
?umod32_l1_l0_dl        0x00a8af         Code  Gb  long.o [4]
?umod32_l1_l0_l1        0x00a8b9         Code  Gb  long.o [4]
?w0                     0x000000         Data  Gb  vregs.o [4]
?w1                     0x000002         Data  Gb  vregs.o [4]
?w2                     0x000004         Data  Gb  vregs.o [4]
?w3                     0x000006         Data  Gb  vregs.o [4]
?w4                     0x000008         Data  Gb  vregs.o [4]
?w5                     0x00000a         Data  Gb  vregs.o [4]
?w6                     0x00000c         Data  Gb  vregs.o [4]
?w7                     0x00000e         Data  Gb  vregs.o [4]
?xor32_l0_l0_0x         0x00a967         Code  Gb  long.o [4]
ADC1_COMP_IRQHandler    0x00bb28    0x1  Code  Gb  stm8l15x_it.o [1]
ADF7030Cfg              0x008080  0x2cc  Data  Gb  ram.o [1]
ADF7030Init             0x00b58c   0x58  Code  Gb  ADF7030_1.o [1]
ADF7030_ACC_FROM_POWEROFF
                        0x00a0b9   0xd2  Code  Gb  ADF7030_1.o [1]
ADF7030_CHANGE_STATE    0x009901   0x1a  Code  Gb  ADF7030_1.o [1]
ADF7030_FIXED_DATA      0x0096a2   0x20  Code  Gb  ADF7030_1.o [1]
ADF7030_GET_FW_STATE    0x00b7d4   0x38  Code  Gb  ADF7030_1.o [1]
ADF7030_GET_MISC_FW     0x00b80c   0x34  Code  Gb  ADF7030_1.o [1]
ADF7030_GPIO_INIT       0x00ad33   0x3d  Code  Gb  Initial.o [1]
ADF7030_READ_REGISTER_NOPOINTER_LONGADDR
                        0x00b147   0x9f  Code  Gb  ADF7030_1.o [1]
ADF7030_RECEIVING_FROM_POWEROFF
                        0x009933   0xbc  Code  Gb  ADF7030_1.o [1]
ADF7030_RESIGER_VALUE_READ
                        0x000510    0x4  Data  Gb  ADF7030_1.o [1]
ADF7030_Read_OneByte    0x00053a    0x1  Data  Gb  ADF7030_1.o [1]
ADF7030_TRANSMITTING_FROM_POWEROFF
                        0x00af74  0x10f  Code  Gb  ADF7030_1.o [1]
ADF7030_WRITE_REGISTER_NOPOINTER_LONGADDR
                        0x00b499   0x7e  Code  Gb  ADF7030_1.o [1]
ADF7030_WRITE_REGISTER_NOPOINTER_LONGADDR_CFGFILE_MSB
                        0x0099ef   0xb3  Code  Gb  ADF7030_1.o [1]
ADF7030_WRITE_REGISTER_NOPOINTER_LONGADDR_MSB
                        0x0096f1   0x44  Code  Gb  ADF7030_1.o [1]
ADF7030_WRITE_REGISTER_NOPOINTER_LONGADDR_OFFSET_MSB
                        0x009735  0x1cc  Code  Gb  ADF7030_1.o [1]
ADF7030_WRITING_PROFILE_FROM_POWERON
                        0x009aa2  0x116  Code  Gb  ADF7030_1.o [1]
BREState                0x00053e    0x1  Data  Gb  ADF7030_1.o [1]
CCA_READBACK_Cache      0x000514    0x4  Data  Gb  ADF7030_1.o [1]
CFG_SIZE                0x00bad6    0x9  Code  Gb  ram.o [1]
CG2214M6_GPIO_Init      0x00add1   0x19  Code  Gb  Initial.o [1]
CLK_SWR                 0x0050c8    0x1  Data  Gb  Initial.o [1]
CONFIGURING_THE_POINTERS_FOR_POINTER_BASED_ACCESSES
                        0x0095c9   0xd9  Code  Gb  ADF7030_1.o [1]
CONST_TXPACKET_DATA_20000AF0
                        0x00067f    0xc  Data  Gb  ram.o [1]
CSTACK$$Base            0x000700          --   Gb  - Linker created -
CSTACK$$Limit           0x000800          --   Gb  - Linker created -
ClearWDT                0x00bafe    0x5  Code  Gb  Initial.o [1]
Count_key_SW3           0x00054c    0x1  Data  Gb  ram.o [1]
DATA_Packet_Contro_buf  0x00053d    0x1  Data  Gb  ADF7030_1.o [1]
DATA_Packet_ID          0x000518    0x4  Data  Gb  ADF7030_1.o [1]
DELAY_30U               0x0095b5   0x14  Code  Gb  ADF7030_1.o [1]
DMA1_CHANNEL0_1_IRQHandler
                        0x00bb19    0x1  Code  Gb  stm8l15x_it.o [1]
DMA1_CHANNEL2_3_IRQHandler
                        0x00bb1a    0x1  Code  Gb  stm8l15x_it.o [1]
DataReceive             0x00b397   0x81  Code  Gb  ID_Decode.o [1]
Default_adf7030_value   0x008d10   0x40  Data  Gb  ram.o [1]
Delayus                 0x00ba57   0x14  Code  Gb  Initial.o [1]
Display_key_SW3         0x00067d    0x1  Data  Gb  ram.o [1]
EXIT_init               0x00bb15    0x1  Code  Gb  ID_Decode.o [1]
EXTI0_IRQHandler        0x00bb1f    0x1  Code  Gb  stm8l15x_it.o [1]
EXTI1_IRQHandler        0x00bb20    0x1  Code  Gb  stm8l15x_it.o [1]
EXTI2_IRQHandler        0x00bb21    0x1  Code  Gb  stm8l15x_it.o [1]
EXTI3_IRQHandler        0x00bb22    0x1  Code  Gb  stm8l15x_it.o [1]
EXTI4_IRQHandler        0x00b9c1   0x1b  Code  Gb  stm8l15x_it.o [1]
EXTI5_IRQHandler        0x00bb23    0x1  Code  Gb  stm8l15x_it.o [1]
EXTI6_IRQHandler        0x00bb24    0x1  Code  Gb  stm8l15x_it.o [1]
EXTI7_IRQHandler        0x00bb25    0x1  Code  Gb  stm8l15x_it.o [1]
EXTIB_G_IRQHandler      0x00bb1d    0x1  Code  Gb  stm8l15x_it.o [1]
EXTID_H_IRQHandler      0x00bb1e    0x1  Code  Gb  stm8l15x_it.o [1]
EXTIE_F_PVD_IRQHandler  0x00bb1c    0x1  Code  Gb  stm8l15x_it.o [1]
ErrStateTimeer          0x0006db    0x2  Data  Gb  Timer.o [1]
FLAG0                   0x000544    0x1  Data  Gb  ID_Decode.o [1]
FLAG_SW10               0x00054b    0x1  Data  Gb  main.o [1]
FLASH_IRQHandler        0x00bb18    0x1  Code  Gb  stm8l15x_it.o [1]
FilterChar              0x00054e    0x2  Data  Gb  ADF7030_1.o [1]
FlagLCDUpdate           0x00067e    0x1  Data  Gb  ram.o [1]
GENERIC_PKT_TEST_MODES0_32bit_20000548
                        0x00051c    0x4  Data  Gb  ram.o [1]
GET_STATUE_BYTE         0x0096c2   0x2f  Code  Gb  ADF7030_1.o [1]
Head_0x5515_or_0x5456   0x000530    0x2  Data  Gb  ADF7030_1.o [1]
I2C1_SPI2_IRQHandler    0x00bb31    0x1  Code  Gb  stm8l15x_it.o [1]
ID_DATA_PCS             0x000538    0x2  Data  Gb  ram.o [1]
ID_Receiver_DATA        0x000010  0x400  Data  Gb  ram.o [1]
INTVEC$$Base            0x008000          --   Gb  - Linker created -
INTVEC$$Limit           0x008080          --   Gb  - Linker created -
InitialFlashReg         0x00ba6b   0x11  Code  Gb  eeprom.o [1]
KEY_COUNT               0x000536    0x2  Data  Gb  main.o [1]
KEY_GPIO_Init           0x00adea   0x25  Code  Gb  Initial.o [1]
KEY_SCAN                0x00b27b   0x90  Code  Gb  Initial.o [1]
LCDTestDisplay          0x008eb7  0x37c  Code  Gb  lcd.o [1]
LCD_AES_IRQHandler      0x00bb26    0x1  Code  Gb  stm8l15x_it.o [1]
LCD_GPIO_Init           0x00ad70   0x61  Code  Gb  Initial.o [1]
LEDCtr                  0x00ac11  0x122  Code  Gb  Initial.o [1]
LED_GPIO_Init           0x00ae0f   0x19  Code  Gb  Initial.o [1]
LedREDTimer             0x0006d7    0x2  Data  Gb  Timer.o [1]
LedYELLOWTimer          0x0006d9    0x2  Data  Gb  Timer.o [1]
Memory_Read_Block_Pointer_Long_Address
                        0x00b5e4   0x55  Code  Gb  ADF7030_1.o [1]
Memory_Write_Block_Pointer_Short_Address
                        0x00b68a   0x4d  Code  Gb  ADF7030_1.o [1]
PA_POWER_OUT            0x00068f   0x48  Data  Gb  ram.o [1]
RADIO_DIG_TX_CFG0_32bit_20000304
                        0x00068b    0x4  Data  Gb  ram.o [1]
RAM_clean               0x00bb16    0x1  Code  Gb  Initial.o [1]
RF_BRE_Check            0x00a9ac  0x137  Code  Gb  Initial.o [1]
ROM_adf7030_value       0x000490   0x40  Data  Gb  ram.o [1]
RTC_CSSLSE_IRQHandler   0x00bb1b    0x1  Code  Gb  stm8l15x_it.o [1]
RX_ANALYSIS             0x00a18b    0x5  Code  Gb  ADF7030_1.o [1]
RX_COUNT                0x00053b    0x1  Data  Gb  ADF7030_1.o [1]
Radio_State             0x00053c    0x1  Data  Gb  ADF7030_1.o [1]
ReadByteEEPROM          0x00baf9    0x5  Code  Gb  eeprom.o [1]
RedLedFalg              0x000549    0x1  Data  Gb  Initial.o [1]
Region$$Table$$Base     0x008d7c          --   Gb  - Linker created -
Region$$Table$$Limit    0x008d98          --   Gb  - Linker created -
SCAN_RECEIVE_PACKET     0x00a190   0x81  Code  Gb  ADF7030_1.o [1]
SPI1_DR                 0x005204    0x1  Data  Gb  spi.o [1]
SPI1_IRQHandler         0x00bb2f    0x1  Code  Gb  stm8l15x_it.o [1]
SPI_RECEIVE_BUFF        0x0004d0   0x28  Data  Gb  ADF7030_1.o [1]
SPI_Receive_DataForC    0x0004f8   0x18  Data  Gb  ADF7030_1.o [1]
SPI_SEND_BUFF           0x000550  0x12c  Data  Gb  ADF7030_1.o [1]
SPI_SendByte            0x00b9a6   0x1b  Code  Gb  spi.o [1]
SPI_SendString          0x00b418   0x81  Code  Gb  spi.o [1]
SPI_conf                0x00b517   0x75  Code  Gb  spi.o [1]
SWITCH_CSS_BREAK_DAC_IRQHandler
                        0x00bb27    0x1  Code  Gb  stm8l15x_it.o [1]
Signal_DATA_Decode      0x00a634  0x1d9  Code  Gb  ID_Decode.o [1]
StateReadTimer          0x0006dd    0x2  Data  Gb  Timer.o [1]
SysClock_Init           0x00b840   0x2e  Code  Gb  Initial.o [1]
TEST_MODES0_para        0x008dbf    0x5  Data  Gb  ram.o [1]
TIM1_CC_IRQHandler      0x00bb2e    0x1  Code  Gb  stm8l15x_it.o [1]
TIM1_UPD_OVF_TRG_COM_IRQHandler
                        0x00bb2d    0x1  Code  Gb  stm8l15x_it.o [1]
TIM2_CC_USART2_RX_IRQHandler
                        0x00bb2a    0x1  Code  Gb  stm8l15x_it.o [1]
TIM2_UPD_OVF_TRG_BRK_USART2_TX_IRQHandler
                        0x00bb29    0x1  Code  Gb  stm8l15x_it.o [1]
TIM3_CC_USART3_RX_IRQHandler
                        0x00bb2c    0x1  Code  Gb  stm8l15x_it.o [1]
TIM3_UPD_OVF_TRG_BRK_USART3_TX_IRQHandler
                        0x00bb2b    0x1  Code  Gb  stm8l15x_it.o [1]
TIM4_Init               0x00ba8d   0x11  Code  Gb  Timer.o [1]
TIM4_UPD_OVF            0x00b639   0x51  Code  Gb  Timer.o [1]
TIM4_UPD_OVF_TRG_IRQHandler
                        0x00b9dc   0x1b  Code  Gb  stm8l15x_it.o [1]
TRAP_IRQHandler         0x00bb17    0x1  Code  Gb  stm8l15x_it.o [1]
TX_DataLoad             0x00a211  0x1bd  Code  Gb  ADF7030_1.o [1]
TestFunV2               0x009bb8  0x501  Code  Gb  ADF7030_1.o [1]
UART1_INIT              0x00b952   0x1d  Code  Gb  uart.o [1]
UART1_RX_RXNE           0x00bb03    0x4  Code  Gb  uart.o [1]
USART1_DR               0x005231    0x1  Data  Gb  uart.o [1]
USART1_RX_TIM5_CC_IRQHandler
                        0x00b9f7   0x1b  Code  Gb  stm8l15x_it.o [1]
USART1_TX_TIM5_UPD_OVF_TRG_BRK_IRQHandler
                        0x00bb30    0x1  Code  Gb  stm8l15x_it.o [1]
VHF_GPIO_INIT           0x00ae28   0x2c  Code  Gb  Initial.o [1]
WAIT_SPI_IDEL           0x00bae7    0x6  Code  Gb  spi.o [1]
WDT_init                0x00ba7c   0x11  Code  Gb  Initial.o [1]
WaitForADF7030_FIXED_DATA
                        0x00991b   0x18  Code  Gb  ADF7030_1.o [1]
X_COUNT                 0x000532    0x2  Data  Gb  Initial.o [1]
X_ERR                   0x000534    0x2  Data  Gb  Initial.o [1]
YellowLedFlag           0x000548    0x1  Data  Gb  Initial.o [1]
_A_CLK_CKDIVR           0x0050c0    0x1  Data  Gb  Initial.o [1]
_A_CLK_ICKCR            0x0050c2    0x1  Data  Gb  Initial.o [1]
_A_CLK_PCKENR1          0x0050c3    0x1  Data  Gb  spi.o [1]
_A_CLK_PCKENR2          0x0050c4    0x1  Data  Gb  Initial.o [1]
_A_CLK_SWCR             0x0050c9    0x1  Data  Gb  Initial.o [1]
_A_EXTI_CR2             0x0050a1    0x1  Data  Gb  Initial.o [1]
_A_EXTI_SR1             0x0050a3    0x1  Data  Gb  ID_Decode.o [1]
_A_FLASH_CR1            0x005050    0x1  Data  Gb  eeprom.o [1]
_A_FLASH_CR2            0x005051    0x1  Data  Gb  eeprom.o [1]
_A_FLASH_IAPSR          0x005054    0x1  Data  Gb  eeprom.o [1]
_A_IWDG_KR              0x0050e0    0x1  Data  Gb  Initial.o [1]
_A_IWDG_PR              0x0050e1    0x1  Data  Gb  Initial.o [1]
_A_PA_CR1               0x005003    0x1  Data  Gb  Initial.o [1]
_A_PA_CR2               0x005004    0x1  Data  Gb  Initial.o [1]
_A_PA_DDR               0x005002    0x1  Data  Gb  Initial.o [1]
_A_PA_IDR               0x005001    0x1  Data  Gb  Initial.o [1]
_A_PA_ODR               0x005000    0x1  Data  Gb  Initial.o [1]
_A_PB_CR1               0x005008    0x1  Data  Gb  spi.o [1]
_A_PB_CR2               0x005009    0x1  Data  Gb  spi.o [1]
_A_PB_DDR               0x005007    0x1  Data  Gb  spi.o [1]
_A_PB_IDR               0x005006    0x1  Data  Gb  main.o [1]
_A_PB_ODR               0x005005    0x1  Data  Gb  spi.o [1]
_A_PC_CR1               0x00500d    0x1  Data  Gb  Initial.o [1]
_A_PC_CR2               0x00500e    0x1  Data  Gb  Initial.o [1]
_A_PC_DDR               0x00500c    0x1  Data  Gb  Initial.o [1]
_A_PC_IDR               0x00500b    0x1  Data  Gb  ID_Decode.o [1]
_A_PC_ODR               0x00500a    0x1  Data  Gb  main.o [1]
_A_PD_CR1               0x005012    0x1  Data  Gb  Initial.o [1]
_A_PD_CR2               0x005013    0x1  Data  Gb  Initial.o [1]
_A_PD_DDR               0x005011    0x1  Data  Gb  Initial.o [1]
_A_PD_IDR               0x005010    0x1  Data  Gb  Initial.o [1]
_A_PD_ODR               0x00500f    0x1  Data  Gb  lcd.o [1]
_A_SPI1_CR1             0x005200    0x1  Data  Gb  spi.o [1]
_A_SPI1_CR2             0x005201    0x1  Data  Gb  spi.o [1]
_A_SPI1_ICR             0x005202    0x1  Data  Gb  spi.o [1]
_A_SPI1_SR              0x005203    0x1  Data  Gb  spi.o [1]
_A_TIM4_ARR             0x0052e9    0x1  Data  Gb  Timer.o [1]
_A_TIM4_CR1             0x0052e0    0x1  Data  Gb  Timer.o [1]
_A_TIM4_IER             0x0052e4    0x1  Data  Gb  Timer.o [1]
_A_TIM4_PSCR            0x0052e8    0x1  Data  Gb  Timer.o [1]
_A_TIM4_SR1             0x0052e5    0x1  Data  Gb  Timer.o [1]
_A_USART1_BRR1          0x005232    0x1  Data  Gb  uart.o [1]
_A_USART1_BRR2          0x005233    0x1  Data  Gb  uart.o [1]
_A_USART1_CR1           0x005234    0x1  Data  Gb  uart.o [1]
_A_USART1_CR2           0x005235    0x1  Data  Gb  uart.o [1]
_A_USART1_CR3           0x005236    0x1  Data  Gb  uart.o [1]
_A_USART1_CR4           0x005237    0x1  Data  Gb  uart.o [1]
_A_USART1_CR5           0x005238    0x1  Data  Gb  uart.o [1]
_Rand_idx               0x000520    0x4  Data  Lc  rand.o [4]
_Rand_rv                0x000410   0x80  Data  Lc  rand.o [4]
_Randinit               0x00054d    0x1  Data  Gb  rand.o [4]
_Randseed               0x0006df    0x4  Data  Gb  rand.o [4]
__DebugBreak            0x00bb32    0x1  Code  Gb  __dbg_break.o [3]
__exit                  0x00ba41   0x16  Code  Gb  __dbg_xxexit.o [3]
__iar_Tls_setup__Rand_idx
                        0x00052a    0x3  Data  Lc  rand.o [4]
__iar_Tls_setup__Rand_rv
                        0x00052d    0x3  Data  Lc  rand.o [4]
__iar_Tls_setup__Randinit
                        0x000524    0x3  Data  Gb  rand.o [4]
__iar_Tls_setup__Randseed
                        0x000527    0x3  Data  Gb  rand.o [4]
__iar_copy_init2        0x00b8c8         Code  Gb  init_small.o [4]
__iar_data_init2        0x00b916   0x1e  Code  Gb  init.o [4]
__iar_program_start     0x00ba2a         Code  Gb  cstartup.o [4]
__iar_unhandled_exception
                        0x00bb12         Code  Gb  unhandled_exception.o [4]
__iar_zero_init2        0x00b934         Code  Gb  init_small.o [4]
__intvec                0x008000         Data  Gb  interrupt.o [4]
__low_level_init        0x00bb0f    0x3  Code  Gb  low_level_init.o [4]
__time32                0x00ba12   0x18  Code  Gb  time.o [4]
_exit                   0x00baf3         Code  Gb  cexit.o [4]
_interrupt_1            0x00bb17         Code  Gb  stm8l15x_it.o [1]
_interrupt_10           0x00bb1f         Code  Gb  stm8l15x_it.o [1]
_interrupt_11           0x00bb20         Code  Gb  stm8l15x_it.o [1]
_interrupt_12           0x00bb21         Code  Gb  stm8l15x_it.o [1]
_interrupt_13           0x00bb22         Code  Gb  stm8l15x_it.o [1]
_interrupt_14           0x00b9c1         Code  Gb  stm8l15x_it.o [1]
_interrupt_15           0x00bb23         Code  Gb  stm8l15x_it.o [1]
_interrupt_16           0x00bb24         Code  Gb  stm8l15x_it.o [1]
_interrupt_17           0x00bb25         Code  Gb  stm8l15x_it.o [1]
_interrupt_18           0x00bb26         Code  Gb  stm8l15x_it.o [1]
_interrupt_19           0x00bb27         Code  Gb  stm8l15x_it.o [1]
_interrupt_20           0x00bb28         Code  Gb  stm8l15x_it.o [1]
_interrupt_21           0x00bb29         Code  Gb  stm8l15x_it.o [1]
_interrupt_22           0x00bb2a         Code  Gb  stm8l15x_it.o [1]
_interrupt_23           0x00bb2b         Code  Gb  stm8l15x_it.o [1]
_interrupt_24           0x00bb2c         Code  Gb  stm8l15x_it.o [1]
_interrupt_25           0x00bb2d         Code  Gb  stm8l15x_it.o [1]
_interrupt_26           0x00bb2e         Code  Gb  stm8l15x_it.o [1]
_interrupt_27           0x00b9dc         Code  Gb  stm8l15x_it.o [1]
_interrupt_28           0x00bb2f         Code  Gb  stm8l15x_it.o [1]
_interrupt_29           0x00bb30         Code  Gb  stm8l15x_it.o [1]
_interrupt_3            0x00bb18         Code  Gb  stm8l15x_it.o [1]
_interrupt_30           0x00b9f7         Code  Gb  stm8l15x_it.o [1]
_interrupt_31           0x00bb31         Code  Gb  stm8l15x_it.o [1]
_interrupt_4            0x00bb19         Code  Gb  stm8l15x_it.o [1]
_interrupt_5            0x00bb1a         Code  Gb  stm8l15x_it.o [1]
_interrupt_6            0x00bb1b         Code  Gb  stm8l15x_it.o [1]
_interrupt_7            0x00bb1c         Code  Gb  stm8l15x_it.o [1]
_interrupt_8            0x00bb1d         Code  Gb  stm8l15x_it.o [1]
_interrupt_9            0x00bb1e         Code  Gb  stm8l15x_it.o [1]
char_Contro             0x00834c  0x2a0  Data  Gb  lcd.o [1]
char_ID_CHECKER         0x008970  0x168  Data  Gb  lcd.o [1]
char_Medium             0x008bf8  0x118  Data  Gb  lcd.o [1]
char_Small              0x0085ec  0x1ef  Data  Gb  lcd.o [1]
char_company            0x008ad8  0x120  Data  Gb  lcd.o [1]
delay                   0x00b98b   0x1b  Code  Gb  lcd.o [1]
display_map_58_6        0x008e5c   0x5b  Code  Gb  lcd.o [1]
display_map_xy          0x008dcb   0x91  Code  Gb  lcd.o [1]
eeprom_sys_load         0x00a3ce  0x266  Code  Gb  eeprom.o [1]
exit                    0x00bb0b    0x4  Code  Gb  exit.o [4]
lcd_clear               0x00b6d7   0x49  Code  Gb  lcd.o [1]
lcd_desplay             0x009233  0x382  Code  Gb  lcd.o [1]
lcd_init                0x00b1e6   0x95  Code  Gb  lcd.o [1]
main                    0x00ae54  0x120  Code  Gb  main.o [1]
rand                    0x00b083   0xc4  Code  Gb  rand.o [4]
send_command            0x00b760   0x3a  Code  Gb  lcd.o [1]
send_data               0x00b79a   0x3a  Code  Gb  lcd.o [1]
srand                   0x00b720   0x40  Code  Gb  srand.o [4]


[1] = D:\MyCloud\Working\Windowshade\WindowshadeSTM8\Debug\Obj
[2] = command line
[3] = dbgstm8mmd.a
[4] = dlstm8mmn.a

  11 624 bytes of readonly  code memory
   3 531 bytes of readonly  data memory
   2 019 bytes of readwrite data memory (+ 51 absolute)

Errors: none
Warnings: none
